<html>
<body>
<pre>
<h1>µVision Build Log</h1>
<h2>Tool Versions:</h2>
IDE-Version: µVision V5.31.0.0
Copyright (C) 2020 ARM Ltd and ARM Germany GmbH. All rights reserved.
License Information: Joel Plambeck, ZHAW, LIC=----
 
Tool Versions:
Toolchain:       MDK-Lite  Version: 5.31.0.0
Toolchain Path:  C:\Keil_v5\ARM\ARMCLANG\Bin
C Compiler:      ArmClang.exe V6.14
Assembler:       Armasm.exe V6.14
Linker/Locator:  ArmLink.exe V6.14
Library Manager: ArmAr.exe V6.14
Hex Converter:   FromElf.exe V6.14
CPU DLL:         SARMCM3.DLL V5.31.0.0
Dialog DLL:      DCM.DLL V1.17.3.0
Target DLL:      STLink\ST-LINKIII-KEIL_SWO.dll V3.0.7.0
Dialog DLL:      TCM.DLL V1.46.0.0
 
<h2>Project:</h2>
C:\Users\joelp\Desktop\local\CT1\P01\P01.uvprojx
Project File Date:  09/14/2020

<h2>Output:</h2>
*** Using Compiler 'V6.14', folder: 'C:\Keil_v5\ARM\ARMCLANG\Bin'
Build target 'Target 1'
app/main.c(8): warning: no previous extern declaration for non-static variable 'numbers' [-Wmissing-variable-declarations]
uint8_t numbers[16] = {0x3F,0x06,0x5b,0x4F,0x66,0x6d,0x7D,0x07,0x7f,0x6f,  0x77, 0x7C,0x39, 0x5e, 0x79, 0x71};
        ^
app/main.c(8): note: declare 'static' if the variable is not intended to be used outside of this translation unit
uint8_t numbers[16] = {0x3F,0x06,0x5b,0x4F,0x66,0x6d,0x7D,0x07,0x7f,0x6f,  0x77, 0x7C,0x39, 0x5e, 0x79, 0x71};
^
1 warning generated.
compiling main.c...
linking...
Program Size: Code=1936 RO-data=428 RW-data=16 ZI-data=8192  
".\P01.axf" - 0 Error(s), 1 Warning(s).

<h2>Software Packages used:</h2>

Package Vendor: InES
                https://ennis.zhaw.ch/pack/InES.CTBoard14_DFP.4.0.2.pack
                InES.CTBoard14_DFP.4.0.2
                CT Board 14 (STM32F429ZI) Device Support
   * Component: Startup Version: 4.0.1
   * Component: FMC Version: 3.0.1
   * Component: GPIO Version: 4.0.1
   * Component: PWR Version: 2.2.0
   * Component: RCC Version: 4.0.1

<h2>Collection of Component include folders:</h2>
  .\RTE\_Target_1
  C:\Users\joelp\AppData\Local\Arm\Packs\InES\CTBoard14_DFP\4.0.2\Device\Include
  C:\Users\joelp\AppData\Local\Arm\Packs\InES\CTBoard14_DFP\4.0.2\Device\Include\m4
  C:\Users\joelp\AppData\Local\Arm\Packs\InES\CTBoard14_DFP\4.0.2\HAL\Include

<h2>Collection of Component Files used:</h2>

   * Component: InES::Device:Startup:4.0.1
      Include file:  Device\Include\m4\platform_ctboard.h
      Include file:  Device\Include\reg_stm32f4xx.h
      Include file:  Device\Include\reg_ctboard.h
      Include file:  Device\Include\system_ctboard.h
      Source file:   Device\Source\startup_ctboard.s
      Source file:   Device\Source\datainit_ctboard.s
      Source file:   Device\Source\system_ctboard.c

   * Component: InES::HAL:FMC:3.0.1
      Include file:  Device\Include\reg_stm32f4xx.h
      Include file:  HAL\Include\hal_fmc.h
      Source file:   HAL\Source\hal_fmc.c
      Include file:  HAL\Include\hal_common.h

   * Component: InES::HAL:GPIO:4.0.1
      Include file:  Device\Include\reg_stm32f4xx.h
      Include file:  HAL\Include\hal_common.h
      Include file:  HAL\Include\hal_gpio.h
      Source file:   HAL\Source\hal_gpio.c

   * Component: InES::HAL:PWR:2.2.0
      Include file:  Device\Include\reg_stm32f4xx.h
      Include file:  HAL\Include\hal_pwr.h
      Include file:  HAL\Include\hal_common.h
      Source file:   HAL\Source\hal_pwr.c

   * Component: InES::HAL:RCC:4.0.1
      Include file:  Device\Include\reg_stm32f4xx.h
      Include file:  HAL\Include\hal_rcc.h
      Include file:  HAL\Include\hal_common.h
      Source file:   HAL\Source\hal_rcc.c
Build Time Elapsed:  00:00:00
</pre>
</body>
</html>
