Component: ARM Compiler 6.14 Tool: armlink [5db06800]

==============================================================================

Section Cross References

    main.o(.text.main) refers to main.o(.data.numbers) for numbers
    main.o(.text.main) refers to utils_ctboard.o(.text.read_word) for read_word
    main.o(.text.main) refers to utils_ctboard.o(.text.write_word) for write_word
    main.o(.text.main) refers to utils_ctboard.o(.text.read_byte) for read_byte
    main.o(.text.main) refers to utils_ctboard.o(.text.write_byte) for write_byte
    main.o(.ARM.exidx.text.main) refers to main.o(.text.main) for [Anonymous Symbol]
    utils_ctboard.o(.ARM.exidx.text.read_byte) refers to utils_ctboard.o(.text.read_byte) for [Anonymous Symbol]
    utils_ctboard.o(.ARM.exidx.text.read_halfword) refers to utils_ctboard.o(.text.read_halfword) for [Anonymous Symbol]
    utils_ctboard.o(.ARM.exidx.text.read_word) refers to utils_ctboard.o(.text.read_word) for [Anonymous Symbol]
    utils_ctboard.o(.ARM.exidx.text.read_doubleword) refers to utils_ctboard.o(.text.read_doubleword) for [Anonymous Symbol]
    utils_ctboard.o(.ARM.exidx.text.write_byte) refers to utils_ctboard.o(.text.write_byte) for [Anonymous Symbol]
    utils_ctboard.o(.ARM.exidx.text.write_halfword) refers to utils_ctboard.o(.text.write_halfword) for [Anonymous Symbol]
    utils_ctboard.o(.ARM.exidx.text.write_word) refers to utils_ctboard.o(.text.write_word) for [Anonymous Symbol]
    utils_ctboard.o(.ARM.exidx.text.write_doubleword) refers to utils_ctboard.o(.text.write_doubleword) for [Anonymous Symbol]
    datainit_ctboard.o(.text) refers (Weak) to startup_ctboard.o(STACK) for Stack_Mem
    datainit_ctboard.o(.text) refers to main.o(.text.main) for main
    startup_ctboard.o(RESET) refers to startup_ctboard.o(STACK) for __initial_sp
    startup_ctboard.o(RESET) refers to startup_ctboard.o(.text) for Reset_Handler
    startup_ctboard.o(.text) refers to system_ctboard.o(.text.__system) for __system
    startup_ctboard.o(.text) refers to datainit_ctboard.o(.text) for __main
    system_ctboard.o(.text.__system) refers to system_ctboard.o(.text.system_enter_run) for system_enter_run
    system_ctboard.o(.ARM.exidx.text.__system) refers to system_ctboard.o(.text.__system) for [Anonymous Symbol]
    system_ctboard.o(.text.system_enter_run) refers to system_ctboard.o(.text.init_SystemClock) for init_SystemClock
    system_ctboard.o(.text.system_enter_run) refers to system_ctboard.o(.text.init_FPU) for init_FPU
    system_ctboard.o(.text.system_enter_run) refers to system_ctboard.o(.text.init_FMC_SRAM) for init_FMC_SRAM
    system_ctboard.o(.ARM.exidx.text.system_enter_run) refers to system_ctboard.o(.text.system_enter_run) for [Anonymous Symbol]
    system_ctboard.o(.text.init_SystemClock) refers to hal_rcc.o(.text.hal_rcc_reset) for hal_rcc_reset
    system_ctboard.o(.text.init_SystemClock) refers to hal_rcc.o(.text.hal_rcc_set_osc) for hal_rcc_set_osc
    system_ctboard.o(.text.init_SystemClock) refers to hal_rcc.o(.text.hal_rcc_setup_pll) for hal_rcc_setup_pll
    system_ctboard.o(.text.init_SystemClock) refers to hal_pwr.o(.text.hal_pwr_set_overdrive) for hal_pwr_set_overdrive
    system_ctboard.o(.text.init_SystemClock) refers to hal_rcc.o(.text.hal_rcc_setup_clock) for hal_rcc_setup_clock
    system_ctboard.o(.ARM.exidx.text.init_SystemClock) refers to system_ctboard.o(.text.init_SystemClock) for [Anonymous Symbol]
    system_ctboard.o(.ARM.exidx.text.init_FPU) refers to system_ctboard.o(.text.init_FPU) for [Anonymous Symbol]
    system_ctboard.o(.text.init_FMC_SRAM) refers to hal_gpio.o(.text.hal_gpio_init_alternate) for hal_gpio_init_alternate
    system_ctboard.o(.text.init_FMC_SRAM) refers to hal_fmc.o(.text.hal_fmc_init_sram) for hal_fmc_init_sram
    system_ctboard.o(.ARM.exidx.text.init_FMC_SRAM) refers to system_ctboard.o(.text.init_FMC_SRAM) for [Anonymous Symbol]
    system_ctboard.o(.ARM.exidx.text.system_enter_sleep) refers to system_ctboard.o(.text.system_enter_sleep) for [Anonymous Symbol]
    system_ctboard.o(.ARM.exidx.text.system_enter_stop) refers to system_ctboard.o(.text.system_enter_stop) for [Anonymous Symbol]
    system_ctboard.o(.ARM.exidx.text.system_enter_standby) refers to system_ctboard.o(.text.system_enter_standby) for [Anonymous Symbol]
    hal_fmc.o(.ARM.exidx.text.hal_fmc_reset) refers to hal_fmc.o(.text.hal_fmc_reset) for [Anonymous Symbol]
    hal_fmc.o(.ARM.exidx.text.hal_fmc_init_sram) refers to hal_fmc.o(.text.hal_fmc_init_sram) for [Anonymous Symbol]
    hal_gpio.o(.ARM.exidx.text.hal_gpio_reset) refers to hal_gpio.o(.text.hal_gpio_reset) for [Anonymous Symbol]
    hal_gpio.o(.text.hal_gpio_init_input) refers to hal_gpio.o(.text.intercept_overwrite_register) for intercept_overwrite_register
    hal_gpio.o(.text.hal_gpio_init_input) refers to hal_gpio.o(.text.create_pattern_mask) for create_pattern_mask
    hal_gpio.o(.ARM.exidx.text.hal_gpio_init_input) refers to hal_gpio.o(.text.hal_gpio_init_input) for [Anonymous Symbol]
    hal_gpio.o(.ARM.exidx.text.intercept_overwrite_register) refers to hal_gpio.o(.text.intercept_overwrite_register) for [Anonymous Symbol]
    hal_gpio.o(.ARM.exidx.text.create_pattern_mask) refers to hal_gpio.o(.text.create_pattern_mask) for [Anonymous Symbol]
    hal_gpio.o(.text.hal_gpio_init_analog) refers to hal_gpio.o(.text.hal_gpio_init_input) for hal_gpio_init_input
    hal_gpio.o(.text.hal_gpio_init_analog) refers to hal_gpio.o(.text.create_pattern_mask) for create_pattern_mask
    hal_gpio.o(.ARM.exidx.text.hal_gpio_init_analog) refers to hal_gpio.o(.text.hal_gpio_init_analog) for [Anonymous Symbol]
    hal_gpio.o(.text.hal_gpio_init_output) refers to hal_gpio.o(.text.intercept_overwrite_register) for intercept_overwrite_register
    hal_gpio.o(.text.hal_gpio_init_output) refers to hal_gpio.o(.text.create_pattern_mask) for create_pattern_mask
    hal_gpio.o(.ARM.exidx.text.hal_gpio_init_output) refers to hal_gpio.o(.text.hal_gpio_init_output) for [Anonymous Symbol]
    hal_gpio.o(.text.hal_gpio_init_alternate) refers to hal_gpio.o(.text.hal_gpio_init_output) for hal_gpio_init_output
    hal_gpio.o(.text.hal_gpio_init_alternate) refers to hal_gpio.o(.text.create_pattern_mask) for create_pattern_mask
    hal_gpio.o(.ARM.exidx.text.hal_gpio_init_alternate) refers to hal_gpio.o(.text.hal_gpio_init_alternate) for [Anonymous Symbol]
    hal_gpio.o(.ARM.exidx.text.hal_gpio_input_read) refers to hal_gpio.o(.text.hal_gpio_input_read) for [Anonymous Symbol]
    hal_gpio.o(.ARM.exidx.text.hal_gpio_output_read) refers to hal_gpio.o(.text.hal_gpio_output_read) for [Anonymous Symbol]
    hal_gpio.o(.text.hal_gpio_output_write) refers to hal_gpio.o(.text.intercept_overwrite_register) for intercept_overwrite_register
    hal_gpio.o(.ARM.exidx.text.hal_gpio_output_write) refers to hal_gpio.o(.text.hal_gpio_output_write) for [Anonymous Symbol]
    hal_gpio.o(.text.hal_gpio_bit_set) refers to hal_gpio.o(.text.intercept_overwrite_register) for intercept_overwrite_register
    hal_gpio.o(.ARM.exidx.text.hal_gpio_bit_set) refers to hal_gpio.o(.text.hal_gpio_bit_set) for [Anonymous Symbol]
    hal_gpio.o(.text.hal_gpio_bit_reset) refers to hal_gpio.o(.text.intercept_overwrite_register) for intercept_overwrite_register
    hal_gpio.o(.ARM.exidx.text.hal_gpio_bit_reset) refers to hal_gpio.o(.text.hal_gpio_bit_reset) for [Anonymous Symbol]
    hal_gpio.o(.text.hal_gpio_bit_toggle) refers to hal_gpio.o(.text.intercept_overwrite_register) for intercept_overwrite_register
    hal_gpio.o(.text.hal_gpio_bit_toggle) refers to hal_gpio.o(.text.hal_gpio_output_read) for hal_gpio_output_read
    hal_gpio.o(.ARM.exidx.text.hal_gpio_bit_toggle) refers to hal_gpio.o(.text.hal_gpio_bit_toggle) for [Anonymous Symbol]
    hal_gpio.o(.text.hal_gpio_irq_set) refers to hal_gpio.o(.text.get_syscfg_mask) for get_syscfg_mask
    hal_gpio.o(.ARM.exidx.text.hal_gpio_irq_set) refers to hal_gpio.o(.text.hal_gpio_irq_set) for [Anonymous Symbol]
    hal_gpio.o(.ARM.exidx.text.get_syscfg_mask) refers to hal_gpio.o(.text.get_syscfg_mask) for [Anonymous Symbol]
    hal_gpio.o(.ARM.exidx.text.hal_gpio_irq_status) refers to hal_gpio.o(.text.hal_gpio_irq_status) for [Anonymous Symbol]
    hal_gpio.o(.ARM.exidx.text.hal_gpio_irq_clear) refers to hal_gpio.o(.text.hal_gpio_irq_clear) for [Anonymous Symbol]
    hal_pwr.o(.ARM.exidx.text.hal_pwr_reset) refers to hal_pwr.o(.text.hal_pwr_reset) for [Anonymous Symbol]
    hal_pwr.o(.ARM.exidx.text.hal_pwr_set_backup_domain) refers to hal_pwr.o(.text.hal_pwr_set_backup_domain) for [Anonymous Symbol]
    hal_pwr.o(.ARM.exidx.text.hal_pwr_set_backup_access) refers to hal_pwr.o(.text.hal_pwr_set_backup_access) for [Anonymous Symbol]
    hal_pwr.o(.ARM.exidx.text.hal_pwr_set_wakeup_pin) refers to hal_pwr.o(.text.hal_pwr_set_wakeup_pin) for [Anonymous Symbol]
    hal_pwr.o(.ARM.exidx.text.hal_pwr_set_flash_powerdown) refers to hal_pwr.o(.text.hal_pwr_set_flash_powerdown) for [Anonymous Symbol]
    hal_pwr.o(.ARM.exidx.text.hal_pwr_set_overdrive) refers to hal_pwr.o(.text.hal_pwr_set_overdrive) for [Anonymous Symbol]
    hal_pwr.o(.ARM.exidx.text.hal_pwr_set_underdrive) refers to hal_pwr.o(.text.hal_pwr_set_underdrive) for [Anonymous Symbol]
    hal_rcc.o(.ARM.exidx.text.hal_rcc_reset) refers to hal_rcc.o(.text.hal_rcc_reset) for [Anonymous Symbol]
    hal_rcc.o(.ARM.exidx.text.hal_rcc_set_peripheral) refers to hal_rcc.o(.text.hal_rcc_set_peripheral) for [Anonymous Symbol]
    hal_rcc.o(.ARM.exidx.text.hal_rcc_set_osc) refers to hal_rcc.o(.text.hal_rcc_set_osc) for [Anonymous Symbol]
    hal_rcc.o(.ARM.exidx.text.hal_rcc_setup_pll) refers to hal_rcc.o(.text.hal_rcc_setup_pll) for [Anonymous Symbol]
    hal_rcc.o(.ARM.exidx.text.hal_rcc_setup_clock) refers to hal_rcc.o(.text.hal_rcc_setup_clock) for [Anonymous Symbol]


==============================================================================

Removing Unused input sections from the image.

    Removing main.o(.text), (0 bytes).
    Removing main.o(.ARM.exidx.text.main), (8 bytes).
    Removing main.o(.ARM.use_no_argv), (4 bytes).
    Removing utils_ctboard.o(.text), (0 bytes).
    Removing utils_ctboard.o(.ARM.exidx.text.read_byte), (8 bytes).
    Removing utils_ctboard.o(.text.read_halfword), (4 bytes).
    Removing utils_ctboard.o(.ARM.exidx.text.read_halfword), (8 bytes).
    Removing utils_ctboard.o(.ARM.exidx.text.read_word), (8 bytes).
    Removing utils_ctboard.o(.text.read_doubleword), (6 bytes).
    Removing utils_ctboard.o(.ARM.exidx.text.read_doubleword), (8 bytes).
    Removing utils_ctboard.o(.ARM.exidx.text.write_byte), (8 bytes).
    Removing utils_ctboard.o(.text.write_halfword), (4 bytes).
    Removing utils_ctboard.o(.ARM.exidx.text.write_halfword), (8 bytes).
    Removing utils_ctboard.o(.ARM.exidx.text.write_word), (8 bytes).
    Removing utils_ctboard.o(.text.write_doubleword), (6 bytes).
    Removing utils_ctboard.o(.ARM.exidx.text.write_doubleword), (8 bytes).
    Removing startup_ctboard.o(HEAP), (2048 bytes).
    Removing system_ctboard.o(.text), (0 bytes).
    Removing system_ctboard.o(.ARM.exidx.text.__system), (8 bytes).
    Removing system_ctboard.o(.ARM.exidx.text.system_enter_run), (8 bytes).
    Removing system_ctboard.o(.ARM.exidx.text.init_SystemClock), (8 bytes).
    Removing system_ctboard.o(.ARM.exidx.text.init_FPU), (8 bytes).
    Removing system_ctboard.o(.ARM.exidx.text.init_FMC_SRAM), (8 bytes).
    Removing system_ctboard.o(.text.system_enter_sleep), (2 bytes).
    Removing system_ctboard.o(.ARM.exidx.text.system_enter_sleep), (8 bytes).
    Removing system_ctboard.o(.text.system_enter_stop), (2 bytes).
    Removing system_ctboard.o(.ARM.exidx.text.system_enter_stop), (8 bytes).
    Removing system_ctboard.o(.text.system_enter_standby), (2 bytes).
    Removing system_ctboard.o(.ARM.exidx.text.system_enter_standby), (8 bytes).
    Removing hal_fmc.o(.text), (0 bytes).
    Removing hal_fmc.o(.text.hal_fmc_reset), (84 bytes).
    Removing hal_fmc.o(.ARM.exidx.text.hal_fmc_reset), (8 bytes).
    Removing hal_fmc.o(.ARM.exidx.text.hal_fmc_init_sram), (8 bytes).
    Removing hal_gpio.o(.text), (0 bytes).
    Removing hal_gpio.o(.text.hal_gpio_reset), (84 bytes).
    Removing hal_gpio.o(.ARM.exidx.text.hal_gpio_reset), (8 bytes).
    Removing hal_gpio.o(.text.hal_gpio_init_input), (78 bytes).
    Removing hal_gpio.o(.ARM.exidx.text.hal_gpio_init_input), (8 bytes).
    Removing hal_gpio.o(.ARM.exidx.text.intercept_overwrite_register), (8 bytes).
    Removing hal_gpio.o(.ARM.exidx.text.create_pattern_mask), (8 bytes).
    Removing hal_gpio.o(.text.hal_gpio_init_analog), (34 bytes).
    Removing hal_gpio.o(.ARM.exidx.text.hal_gpio_init_analog), (8 bytes).
    Removing hal_gpio.o(.ARM.exidx.text.hal_gpio_init_output), (8 bytes).
    Removing hal_gpio.o(.ARM.exidx.text.hal_gpio_init_alternate), (8 bytes).
    Removing hal_gpio.o(.text.hal_gpio_input_read), (6 bytes).
    Removing hal_gpio.o(.ARM.exidx.text.hal_gpio_input_read), (8 bytes).
    Removing hal_gpio.o(.text.hal_gpio_output_read), (6 bytes).
    Removing hal_gpio.o(.ARM.exidx.text.hal_gpio_output_read), (8 bytes).
    Removing hal_gpio.o(.text.hal_gpio_output_write), (12 bytes).
    Removing hal_gpio.o(.ARM.exidx.text.hal_gpio_output_write), (8 bytes).
    Removing hal_gpio.o(.text.hal_gpio_bit_set), (16 bytes).
    Removing hal_gpio.o(.ARM.exidx.text.hal_gpio_bit_set), (8 bytes).
    Removing hal_gpio.o(.text.hal_gpio_bit_reset), (18 bytes).
    Removing hal_gpio.o(.ARM.exidx.text.hal_gpio_bit_reset), (8 bytes).
    Removing hal_gpio.o(.text.hal_gpio_bit_toggle), (30 bytes).
    Removing hal_gpio.o(.ARM.exidx.text.hal_gpio_bit_toggle), (8 bytes).
    Removing hal_gpio.o(.text.hal_gpio_irq_set), (342 bytes).
    Removing hal_gpio.o(.ARM.exidx.text.hal_gpio_irq_set), (8 bytes).
    Removing hal_gpio.o(.text.get_syscfg_mask), (84 bytes).
    Removing hal_gpio.o(.ARM.exidx.text.get_syscfg_mask), (8 bytes).
    Removing hal_gpio.o(.text.hal_gpio_irq_status), (32 bytes).
    Removing hal_gpio.o(.ARM.exidx.text.hal_gpio_irq_status), (8 bytes).
    Removing hal_gpio.o(.text.hal_gpio_irq_clear), (16 bytes).
    Removing hal_gpio.o(.ARM.exidx.text.hal_gpio_irq_clear), (8 bytes).
    Removing hal_pwr.o(.text), (0 bytes).
    Removing hal_pwr.o(.text.hal_pwr_reset), (20 bytes).
    Removing hal_pwr.o(.ARM.exidx.text.hal_pwr_reset), (8 bytes).
    Removing hal_pwr.o(.text.hal_pwr_set_backup_domain), (58 bytes).
    Removing hal_pwr.o(.ARM.exidx.text.hal_pwr_set_backup_domain), (8 bytes).
    Removing hal_pwr.o(.text.hal_pwr_set_backup_access), (26 bytes).
    Removing hal_pwr.o(.ARM.exidx.text.hal_pwr_set_backup_access), (8 bytes).
    Removing hal_pwr.o(.text.hal_pwr_set_wakeup_pin), (26 bytes).
    Removing hal_pwr.o(.ARM.exidx.text.hal_pwr_set_wakeup_pin), (8 bytes).
    Removing hal_pwr.o(.text.hal_pwr_set_flash_powerdown), (26 bytes).
    Removing hal_pwr.o(.ARM.exidx.text.hal_pwr_set_flash_powerdown), (8 bytes).
    Removing hal_pwr.o(.ARM.exidx.text.hal_pwr_set_overdrive), (8 bytes).
    Removing hal_pwr.o(.text.hal_pwr_set_underdrive), (4 bytes).
    Removing hal_pwr.o(.ARM.exidx.text.hal_pwr_set_underdrive), (8 bytes).
    Removing hal_rcc.o(.text), (0 bytes).
    Removing hal_rcc.o(.ARM.exidx.text.hal_rcc_reset), (8 bytes).
    Removing hal_rcc.o(.text.hal_rcc_set_peripheral), (190 bytes).
    Removing hal_rcc.o(.ARM.exidx.text.hal_rcc_set_peripheral), (8 bytes).
    Removing hal_rcc.o(.ARM.exidx.text.hal_rcc_set_osc), (8 bytes).
    Removing hal_rcc.o(.ARM.exidx.text.hal_rcc_setup_pll), (8 bytes).
    Removing hal_rcc.o(.ARM.exidx.text.hal_rcc_setup_clock), (8 bytes).

85 unused section(s) (total 3654 bytes) removed from the image.

==============================================================================

Image Symbol Table

    Local Symbols

    Symbol Name                              Value     Ov Type        Size  Object(Section)

    RTE/Device/CT_Board_HS14_M4/datainit_ctboard.s 0x00000000   Number         0  datainit_ctboard.o ABSOLUTE
    RTE/Device/CT_Board_HS14_M4/startup_ctboard.s 0x00000000   Number         0  startup_ctboard.o ABSOLUTE
    hal_fmc.c                                0x00000000   Number         0  hal_fmc.o ABSOLUTE
    hal_gpio.c                               0x00000000   Number         0  hal_gpio.o ABSOLUTE
    hal_pwr.c                                0x00000000   Number         0  hal_pwr.o ABSOLUTE
    hal_rcc.c                                0x00000000   Number         0  hal_rcc.o ABSOLUTE
    main.c                                   0x00000000   Number         0  main.o ABSOLUTE
    system_ctboard.c                         0x00000000   Number         0  system_ctboard.o ABSOLUTE
    utils_ctboard.c                          0x00000000   Number         0  utils_ctboard.o ABSOLUTE
    RESET                                    0x08000000   Section      428  startup_ctboard.o(RESET)
    $v0                                      0x080001ac   Number         0  datainit_ctboard.o(.text)
    .text                                    0x080001ac   Section      124  datainit_ctboard.o(.text)
    $v0                                      0x08000228   Number         0  startup_ctboard.o(.text)
    .text                                    0x08000228   Section       36  startup_ctboard.o(.text)
    [Anonymous Symbol]                       0x0800024c   Section        0  system_ctboard.o(.text.__system)
    create_pattern_mask                      0x08000255   Thumb Code    64  hal_gpio.o(.text.create_pattern_mask)
    [Anonymous Symbol]                       0x08000254   Section        0  hal_gpio.o(.text.create_pattern_mask)
    [Anonymous Symbol]                       0x08000294   Section        0  hal_fmc.o(.text.hal_fmc_init_sram)
    [Anonymous Symbol]                       0x080003d4   Section        0  hal_gpio.o(.text.hal_gpio_init_alternate)
    [Anonymous Symbol]                       0x08000458   Section        0  hal_gpio.o(.text.hal_gpio_init_output)
    [Anonymous Symbol]                       0x080004dc   Section        0  hal_pwr.o(.text.hal_pwr_set_overdrive)
    [Anonymous Symbol]                       0x080004e0   Section        0  hal_rcc.o(.text.hal_rcc_reset)
    [Anonymous Symbol]                       0x0800057c   Section        0  hal_rcc.o(.text.hal_rcc_set_osc)
    [Anonymous Symbol]                       0x08000600   Section        0  hal_rcc.o(.text.hal_rcc_setup_clock)
    [Anonymous Symbol]                       0x08000670   Section        0  hal_rcc.o(.text.hal_rcc_setup_pll)
    init_FMC_SRAM                            0x08000765   Thumb Code   196  system_ctboard.o(.text.init_FMC_SRAM)
    [Anonymous Symbol]                       0x08000764   Section        0  system_ctboard.o(.text.init_FMC_SRAM)
    init_FPU                                 0x08000829   Thumb Code    18  system_ctboard.o(.text.init_FPU)
    [Anonymous Symbol]                       0x08000828   Section        0  system_ctboard.o(.text.init_FPU)
    init_SystemClock                         0x0800083d   Thumb Code   128  system_ctboard.o(.text.init_SystemClock)
    [Anonymous Symbol]                       0x0800083c   Section        0  system_ctboard.o(.text.init_SystemClock)
    intercept_overwrite_register             0x080008bd   Thumb Code    24  hal_gpio.o(.text.intercept_overwrite_register)
    [Anonymous Symbol]                       0x080008bc   Section        0  hal_gpio.o(.text.intercept_overwrite_register)
    [Anonymous Symbol]                       0x080008d4   Section        0  main.o(.text.main)
    [Anonymous Symbol]                       0x0800091c   Section        0  utils_ctboard.o(.text.read_byte)
    [Anonymous Symbol]                       0x08000920   Section        0  utils_ctboard.o(.text.read_word)
    [Anonymous Symbol]                       0x08000924   Section        0  system_ctboard.o(.text.system_enter_run)
    [Anonymous Symbol]                       0x08000934   Section        0  utils_ctboard.o(.text.write_byte)
    [Anonymous Symbol]                       0x08000938   Section        0  utils_ctboard.o(.text.write_word)
    STACK                                    0x20000010   Section     8192  startup_ctboard.o(STACK)
    __initial_sp                             0x20002010   Data           0  startup_ctboard.o(STACK)

    Global Symbols

    Symbol Name                              Value     Ov Type        Size  Object(Section)

    BuildAttributes$$THM_ISAv4$E$P$D$K$B$S$7EM$VFPi3$EXTD16$VFPS$VFMA$PE$A:L22UL41UL21$X:L11$S22US41US21$IEEE1$IW$~IW$USESV6$~STKCKD$USESV7$~SHL$OTIME$EBA8$STANDARDLIB$REQ8$PRES8$EABIv2 0x00000000   Number         0  anon$$obj.o ABSOLUTE
    Image$$ER_IROM1$$Limit                    - Undefined Weak Reference
    Image$$RW_IRAM1$$Base                     - Undefined Weak Reference
    Image$$RW_IRAM1$$ZI$$Base                 - Undefined Weak Reference
    Image$$RW_IRAM1$$ZI$$Limit                - Undefined Weak Reference
    __Vectors_Size                           0x000001ac   Number         0  startup_ctboard.o ABSOLUTE
    Stack_Size                               0x00002000   Number         0  startup_ctboard.o ABSOLUTE
    __Vectors                                0x08000000   Data           4  startup_ctboard.o(RESET)
    __Vectors_End                            0x080001ac   Data           0  startup_ctboard.o(RESET)
    __main                                   0x080001ad   Thumb Code    74  datainit_ctboard.o(.text)
    Reset_Handler                            0x08000229   Thumb Code     8  startup_ctboard.o(.text)
    NMI_Handler                              0x08000231   Thumb Code     2  startup_ctboard.o(.text)
    HardFault_Handler                        0x08000233   Thumb Code     2  startup_ctboard.o(.text)
    MemManage_Handler                        0x08000235   Thumb Code     2  startup_ctboard.o(.text)
    BusFault_Handler                         0x08000237   Thumb Code     2  startup_ctboard.o(.text)
    UsageFault_Handler                       0x08000239   Thumb Code     2  startup_ctboard.o(.text)
    SVC_Handler                              0x0800023b   Thumb Code     2  startup_ctboard.o(.text)
    DebugMon_Handler                         0x0800023d   Thumb Code     2  startup_ctboard.o(.text)
    PendSV_Handler                           0x0800023f   Thumb Code     2  startup_ctboard.o(.text)
    SysTick_Handler                          0x08000241   Thumb Code     2  startup_ctboard.o(.text)
    ADC_IRQHandler                           0x08000243   Thumb Code     0  startup_ctboard.o(.text)
    CAN1_RX0_IRQHandler                      0x08000243   Thumb Code     0  startup_ctboard.o(.text)
    CAN1_RX1_IRQHandler                      0x08000243   Thumb Code     0  startup_ctboard.o(.text)
    CAN1_SCE_IRQHandler                      0x08000243   Thumb Code     0  startup_ctboard.o(.text)
    CAN1_TX_IRQHandler                       0x08000243   Thumb Code     0  startup_ctboard.o(.text)
    CAN2_RX0_IRQHandler                      0x08000243   Thumb Code     0  startup_ctboard.o(.text)
    CAN2_RX1_IRQHandler                      0x08000243   Thumb Code     0  startup_ctboard.o(.text)
    CAN2_SCE_IRQHandler                      0x08000243   Thumb Code     0  startup_ctboard.o(.text)
    CAN2_TX_IRQHandler                       0x08000243   Thumb Code     0  startup_ctboard.o(.text)
    CRYP_IRQHandler                          0x08000243   Thumb Code     0  startup_ctboard.o(.text)
    DCMI_IRQHandler                          0x08000243   Thumb Code     0  startup_ctboard.o(.text)
    DMA1_Stream0_IRQHandler                  0x08000243   Thumb Code     0  startup_ctboard.o(.text)
    DMA1_Stream1_IRQHandler                  0x08000243   Thumb Code     0  startup_ctboard.o(.text)
    DMA1_Stream2_IRQHandler                  0x08000243   Thumb Code     0  startup_ctboard.o(.text)
    DMA1_Stream3_IRQHandler                  0x08000243   Thumb Code     0  startup_ctboard.o(.text)
    DMA1_Stream4_IRQHandler                  0x08000243   Thumb Code     0  startup_ctboard.o(.text)
    DMA1_Stream5_IRQHandler                  0x08000243   Thumb Code     0  startup_ctboard.o(.text)
    DMA1_Stream6_IRQHandler                  0x08000243   Thumb Code     0  startup_ctboard.o(.text)
    DMA1_Stream7_IRQHandler                  0x08000243   Thumb Code     0  startup_ctboard.o(.text)
    DMA2D_IRQHandler                         0x08000243   Thumb Code     0  startup_ctboard.o(.text)
    DMA2_Stream0_IRQHandler                  0x08000243   Thumb Code     0  startup_ctboard.o(.text)
    DMA2_Stream1_IRQHandler                  0x08000243   Thumb Code     0  startup_ctboard.o(.text)
    DMA2_Stream2_IRQHandler                  0x08000243   Thumb Code     0  startup_ctboard.o(.text)
    DMA2_Stream3_IRQHandler                  0x08000243   Thumb Code     0  startup_ctboard.o(.text)
    DMA2_Stream4_IRQHandler                  0x08000243   Thumb Code     0  startup_ctboard.o(.text)
    DMA2_Stream5_IRQHandler                  0x08000243   Thumb Code     0  startup_ctboard.o(.text)
    DMA2_Stream6_IRQHandler                  0x08000243   Thumb Code     0  startup_ctboard.o(.text)
    DMA2_Stream7_IRQHandler                  0x08000243   Thumb Code     0  startup_ctboard.o(.text)
    ETH_IRQHandler                           0x08000243   Thumb Code     0  startup_ctboard.o(.text)
    ETH_WKUP_IRQHandler                      0x08000243   Thumb Code     0  startup_ctboard.o(.text)
    EXTI0_IRQHandler                         0x08000243   Thumb Code     0  startup_ctboard.o(.text)
    EXTI15_10_IRQHandler                     0x08000243   Thumb Code     0  startup_ctboard.o(.text)
    EXTI1_IRQHandler                         0x08000243   Thumb Code     0  startup_ctboard.o(.text)
    EXTI2_IRQHandler                         0x08000243   Thumb Code     0  startup_ctboard.o(.text)
    EXTI3_IRQHandler                         0x08000243   Thumb Code     0  startup_ctboard.o(.text)
    EXTI4_IRQHandler                         0x08000243   Thumb Code     0  startup_ctboard.o(.text)
    EXTI9_5_IRQHandler                       0x08000243   Thumb Code     0  startup_ctboard.o(.text)
    FLASH_IRQHandler                         0x08000243   Thumb Code     0  startup_ctboard.o(.text)
    FMC_IRQHandler                           0x08000243   Thumb Code     0  startup_ctboard.o(.text)
    FPU_IRQHandler                           0x08000243   Thumb Code     0  startup_ctboard.o(.text)
    HASH_RNG_IRQHandler                      0x08000243   Thumb Code     0  startup_ctboard.o(.text)
    I2C1_ER_IRQHandler                       0x08000243   Thumb Code     0  startup_ctboard.o(.text)
    I2C1_EV_IRQHandler                       0x08000243   Thumb Code     0  startup_ctboard.o(.text)
    I2C2_ER_IRQHandler                       0x08000243   Thumb Code     0  startup_ctboard.o(.text)
    I2C2_EV_IRQHandler                       0x08000243   Thumb Code     0  startup_ctboard.o(.text)
    I2C3_ER_IRQHandler                       0x08000243   Thumb Code     0  startup_ctboard.o(.text)
    I2C3_EV_IRQHandler                       0x08000243   Thumb Code     0  startup_ctboard.o(.text)
    LTDC_ER_IRQHandler                       0x08000243   Thumb Code     0  startup_ctboard.o(.text)
    LTDC_IRQHandler                          0x08000243   Thumb Code     0  startup_ctboard.o(.text)
    OTG_FS_IRQHandler                        0x08000243   Thumb Code     0  startup_ctboard.o(.text)
    OTG_FS_WKUP_IRQHandler                   0x08000243   Thumb Code     0  startup_ctboard.o(.text)
    OTG_HS_EP1_IN_IRQHandler                 0x08000243   Thumb Code     0  startup_ctboard.o(.text)
    OTG_HS_EP1_OUT_IRQHandler                0x08000243   Thumb Code     0  startup_ctboard.o(.text)
    OTG_HS_IRQHandler                        0x08000243   Thumb Code     0  startup_ctboard.o(.text)
    OTG_HS_WKUP_IRQHandler                   0x08000243   Thumb Code     0  startup_ctboard.o(.text)
    PVD_IRQHandler                           0x08000243   Thumb Code     0  startup_ctboard.o(.text)
    RCC_IRQHandler                           0x08000243   Thumb Code     0  startup_ctboard.o(.text)
    RTC_Alarm_IRQHandler                     0x08000243   Thumb Code     0  startup_ctboard.o(.text)
    RTC_WKUP_IRQHandler                      0x08000243   Thumb Code     0  startup_ctboard.o(.text)
    SAI1_IRQHandler                          0x08000243   Thumb Code     0  startup_ctboard.o(.text)
    SDIO_IRQHandler                          0x08000243   Thumb Code     0  startup_ctboard.o(.text)
    SPI1_IRQHandler                          0x08000243   Thumb Code     0  startup_ctboard.o(.text)
    SPI2_IRQHandler                          0x08000243   Thumb Code     0  startup_ctboard.o(.text)
    SPI3_IRQHandler                          0x08000243   Thumb Code     0  startup_ctboard.o(.text)
    SPI4_IRQHandler                          0x08000243   Thumb Code     0  startup_ctboard.o(.text)
    SPI5_IRQHandler                          0x08000243   Thumb Code     0  startup_ctboard.o(.text)
    SPI6_IRQHandler                          0x08000243   Thumb Code     0  startup_ctboard.o(.text)
    TAMP_STAMP_IRQHandler                    0x08000243   Thumb Code     0  startup_ctboard.o(.text)
    TIM1_BRK_TIM9_IRQHandler                 0x08000243   Thumb Code     0  startup_ctboard.o(.text)
    TIM1_CC_IRQHandler                       0x08000243   Thumb Code     0  startup_ctboard.o(.text)
    TIM1_TRG_COM_TIM11_IRQHandler            0x08000243   Thumb Code     0  startup_ctboard.o(.text)
    TIM1_UP_TIM10_IRQHandler                 0x08000243   Thumb Code     0  startup_ctboard.o(.text)
    TIM2_IRQHandler                          0x08000243   Thumb Code     0  startup_ctboard.o(.text)
    TIM3_IRQHandler                          0x08000243   Thumb Code     0  startup_ctboard.o(.text)
    TIM4_IRQHandler                          0x08000243   Thumb Code     0  startup_ctboard.o(.text)
    TIM5_IRQHandler                          0x08000243   Thumb Code     0  startup_ctboard.o(.text)
    TIM6_DAC_IRQHandler                      0x08000243   Thumb Code     0  startup_ctboard.o(.text)
    TIM7_IRQHandler                          0x08000243   Thumb Code     0  startup_ctboard.o(.text)
    TIM8_BRK_TIM12_IRQHandler                0x08000243   Thumb Code     0  startup_ctboard.o(.text)
    TIM8_CC_IRQHandler                       0x08000243   Thumb Code     0  startup_ctboard.o(.text)
    TIM8_TRG_COM_TIM14_IRQHandler            0x08000243   Thumb Code     0  startup_ctboard.o(.text)
    TIM8_UP_TIM13_IRQHandler                 0x08000243   Thumb Code     0  startup_ctboard.o(.text)
    UART4_IRQHandler                         0x08000243   Thumb Code     0  startup_ctboard.o(.text)
    UART5_IRQHandler                         0x08000243   Thumb Code     0  startup_ctboard.o(.text)
    UART7_IRQHandler                         0x08000243   Thumb Code     0  startup_ctboard.o(.text)
    UART8_IRQHandler                         0x08000243   Thumb Code     0  startup_ctboard.o(.text)
    USART1_IRQHandler                        0x08000243   Thumb Code     0  startup_ctboard.o(.text)
    USART2_IRQHandler                        0x08000243   Thumb Code     0  startup_ctboard.o(.text)
    USART3_IRQHandler                        0x08000243   Thumb Code     0  startup_ctboard.o(.text)
    USART6_IRQHandler                        0x08000243   Thumb Code     0  startup_ctboard.o(.text)
    WWDG_IRQHandler                          0x08000243   Thumb Code     0  startup_ctboard.o(.text)
    __system                                 0x0800024d   Thumb Code     8  system_ctboard.o(.text.__system)
    hal_fmc_init_sram                        0x08000295   Thumb Code   318  hal_fmc.o(.text.hal_fmc_init_sram)
    hal_gpio_init_alternate                  0x080003d5   Thumb Code   130  hal_gpio.o(.text.hal_gpio_init_alternate)
    hal_gpio_init_output                     0x08000459   Thumb Code   130  hal_gpio.o(.text.hal_gpio_init_output)
    hal_pwr_set_overdrive                    0x080004dd   Thumb Code     4  hal_pwr.o(.text.hal_pwr_set_overdrive)
    hal_rcc_reset                            0x080004e1   Thumb Code   154  hal_rcc.o(.text.hal_rcc_reset)
    hal_rcc_set_osc                          0x0800057d   Thumb Code   130  hal_rcc.o(.text.hal_rcc_set_osc)
    hal_rcc_setup_clock                      0x08000601   Thumb Code   112  hal_rcc.o(.text.hal_rcc_setup_clock)
    hal_rcc_setup_pll                        0x08000671   Thumb Code   244  hal_rcc.o(.text.hal_rcc_setup_pll)
    main                                     0x080008d5   Thumb Code    70  main.o(.text.main)
    read_byte                                0x0800091d   Thumb Code     4  utils_ctboard.o(.text.read_byte)
    read_word                                0x08000921   Thumb Code     4  utils_ctboard.o(.text.read_word)
    system_enter_run                         0x08000925   Thumb Code    16  system_ctboard.o(.text.system_enter_run)
    write_byte                               0x08000935   Thumb Code     4  utils_ctboard.o(.text.write_byte)
    write_word                               0x08000939   Thumb Code     4  utils_ctboard.o(.text.write_word)
    Image$$RO$$Limit                         0x0800093c   Number         0  anon$$obj.o ABSOLUTE
    Image$$RW$$Base                          0x20000000   Number         0  anon$$obj.o ABSOLUTE
    numbers                                  0x20000000   Data          16  main.o(.data.numbers)
    Image$$ZI$$Base                          0x20000010   Number         0  anon$$obj.o ABSOLUTE
    Stack_Mem                                0x20000010   Data        8192  startup_ctboard.o(STACK)
    Image$$ZI$$Limit                         0x20002010   Number         0  anon$$obj.o ABSOLUTE



==============================================================================

Memory Map of the image

  Image Entry point : 0x08000229

  Load Region LR_1 (Base: 0x08000000, Size: 0x0000094c, Max: 0xffffffff, ABSOLUTE)

    Execution Region ER_RO (Exec base: 0x08000000, Load base: 0x08000000, Size: 0x0000093c, Max: 0xffffffff, ABSOLUTE)

    Exec Addr    Load Addr    Size         Type   Attr      Idx    E Section Name        Object

    0x08000000   0x08000000   0x000001ac   Data   RO           44    RESET               startup_ctboard.o
    0x080001ac   0x080001ac   0x0000007c   Code   RO           36    .text               datainit_ctboard.o
    0x08000228   0x08000228   0x00000024   Code   RO           45  * .text               startup_ctboard.o
    0x0800024c   0x0800024c   0x00000008   Code   RO           50    .text.__system      system_ctboard.o
    0x08000254   0x08000254   0x00000040   Code   RO           92    .text.create_pattern_mask  hal_gpio.o
    0x08000294   0x08000294   0x0000013e   Code   RO           76    .text.hal_fmc_init_sram  hal_fmc.o
    0x080003d2   0x080003d2   0x00000002   PAD
    0x080003d4   0x080003d4   0x00000082   Code   RO           98    .text.hal_gpio_init_alternate  hal_gpio.o
    0x08000456   0x08000456   0x00000002   PAD
    0x08000458   0x08000458   0x00000082   Code   RO           96    .text.hal_gpio_init_output  hal_gpio.o
    0x080004da   0x080004da   0x00000002   PAD
    0x080004dc   0x080004dc   0x00000004   Code   RO          138    .text.hal_pwr_set_overdrive  hal_pwr.o
    0x080004e0   0x080004e0   0x0000009a   Code   RO          150    .text.hal_rcc_reset  hal_rcc.o
    0x0800057a   0x0800057a   0x00000002   PAD
    0x0800057c   0x0800057c   0x00000082   Code   RO          154    .text.hal_rcc_set_osc  hal_rcc.o
    0x080005fe   0x080005fe   0x00000002   PAD
    0x08000600   0x08000600   0x00000070   Code   RO          158    .text.hal_rcc_setup_clock  hal_rcc.o
    0x08000670   0x08000670   0x000000f4   Code   RO          156    .text.hal_rcc_setup_pll  hal_rcc.o
    0x08000764   0x08000764   0x000000c4   Code   RO           58    .text.init_FMC_SRAM  system_ctboard.o
    0x08000828   0x08000828   0x00000012   Code   RO           56    .text.init_FPU      system_ctboard.o
    0x0800083a   0x0800083a   0x00000002   PAD
    0x0800083c   0x0800083c   0x00000080   Code   RO           54    .text.init_SystemClock  system_ctboard.o
    0x080008bc   0x080008bc   0x00000018   Code   RO           90    .text.intercept_overwrite_register  hal_gpio.o
    0x080008d4   0x080008d4   0x00000046   Code   RO            2    .text.main          main.o
    0x0800091a   0x0800091a   0x00000002   PAD
    0x0800091c   0x0800091c   0x00000004   Code   RO           13    .text.read_byte     utils_ctboard.o
    0x08000920   0x08000920   0x00000004   Code   RO           17    .text.read_word     utils_ctboard.o
    0x08000924   0x08000924   0x00000010   Code   RO           52    .text.system_enter_run  system_ctboard.o
    0x08000934   0x08000934   0x00000004   Code   RO           21    .text.write_byte    utils_ctboard.o
    0x08000938   0x08000938   0x00000004   Code   RO           25    .text.write_word    utils_ctboard.o


    Execution Region ER_RW (Exec base: 0x20000000, Load base: 0x0800093c, Size: 0x00000010, Max: 0xffffffff, ABSOLUTE)

    Exec Addr    Load Addr    Size         Type   Attr      Idx    E Section Name        Object

    0x20000000   0x0800093c   0x00000010   Data   RW            4    .data.numbers       main.o


    Execution Region ER_ZI (Exec base: 0x20000010, Load base: 0x0800094c, Size: 0x00002000, Max: 0xffffffff, ABSOLUTE)

    Exec Addr    Load Addr    Size         Type   Attr      Idx    E Section Name        Object

    0x20000010        -       0x00002000   Zero   RW           42    STACK               startup_ctboard.o


==============================================================================

Image component sizes


      Code (inc. data)   RO Data    RW Data    ZI Data      Debug   Object Name

       124         50          0          0          0        460   datainit_ctboard.o
       318          0          0          0          0       3527   hal_fmc.o
       348          0          0          0          0       9130   hal_gpio.o
         4          0          0          0          0       2084   hal_pwr.o
       640          0          0          0          0       4877   hal_rcc.o
        70          0          0         16          0        728   main.o
        36          8        428          0       8192        828   startup_ctboard.o
       366          0          0          0          0       7153   system_ctboard.o
        16          0          0          0          0       1845   utils_ctboard.o

    ----------------------------------------------------------------------
      1936         58        428         16       8192      30632   Object Totals
         0          0          0          0          0          0   (incl. Generated)
        14          0          0          0          0          0   (incl. Padding)

    ----------------------------------------------------------------------
         0          0          0          0          0          0   Library Totals
         0          0          0          0          0          0   (incl. Padding)

    ----------------------------------------------------------------------

==============================================================================


      Code (inc. data)   RO Data    RW Data    ZI Data      Debug   

      1936         58        428         16       8192      30436   Grand Totals
      1936         58        428         16       8192      30436   ELF Image Totals
      1936         58        428         16          0          0   ROM Totals

==============================================================================

    Total RO  Size (Code + RO Data)                 2364 (   2.31kB)
    Total RW  Size (RW Data + ZI Data)              8208 (   8.02kB)
    Total ROM Size (Code + RO Data + RW Data)       2380 (   2.32kB)

==============================================================================

